≡ƒî▒ Seeding database...
ΓÜá∩╕Å Retry 1/5 for operation: 
Invalid `prisma.blogPost.upsert()` invocation in
C:\Users\shash\Downloads\campusmart_final\campusmart_final\backend\prisma\seed.ts:119:47
System.Management.Automation.RemoteException
  116 ];
  117 
  118 for (const post of posts) {
ΓåÆ 119     await withRetry(() => prisma.blogPost.upsert(
The provided value for the column is too long for the column's type. Column: body
PrismaClientKnownRequestError: 
Invalid `prisma.blogPost.upsert()` invocation in
C:\Users\shash\Downloads\campusmart_final\campusmart_final\backend\prisma\seed.ts:119:47
System.Management.Automation.RemoteException
  116 ];
  117 
  118 for (const post of posts) {
ΓåÆ 119     await withRetry(() => prisma.blogPost.upsert(
The provided value for the column is too long for the column's type. Column: body
    at ei.handleRequestError (C:\Users\shash\Downloads\campusmart_final\campusmart_final\backend\node_modules\@prisma\client\src\runtime\RequestHandler.ts:228:13)
    at ei.handleAndLogRequestError (C:\Users\shash\Downloads\campusmart_final\campusmart_final\backend\node_modules\@prisma\client\src\runtime\RequestHandler.ts:174:12)
    at ei.request (C:\Users\shash\Downloads\campusmart_final\campusmart_final\backend\node_modules\@prisma\client\src\runtime\RequestHandler.ts:143:12)
    at async a (C:\Users\shash\Downloads\campusmart_final\campusmart_final\backend\node_modules\@prisma\client\src\runtime\getPrismaClient.ts:833:24)
    at async withRetry (C:\Users\shash\Downloads\campusmart_final\campusmart_final\backend\prisma\seed.ts:11:20)
    at async main (C:\Users\shash\Downloads\campusmart_final\campusmart_final\backend\prisma\seed.ts:119:9) {
  code: 'P2000',
  meta: { modelName: 'BlogPost', column_name: 'body' },
  clientVersion: '6.19.2'
}
